// Jest Snapshot v1, https://goo.gl/fbAQLP

exports[`blog display snapshot 1`] = `
Object {
  "asFragment": [Function],
  "baseElement": <body>
    <div>
      <div
        class="oneLineBlogpost  col"
      >
        <div
          class="row"
        >
          <div
            class="blogPhotoContainer col-md-6 col-12"
          >
            <img
              alt="Blog Post Content"
              class="blogPic"
            />
            <br />
          </div>
          <div
            class="blogPhotoTextContent col-md-6 col-12"
          >
            <h4>
              blogPosts.undefined.title
            </h4>
            <p>
              blogPosts.undefined.excerpt
            </p>
          </div>
        </div>
      </div>
    </div>
  </body>,
  "container": <div>
    <div
      class="oneLineBlogpost  col"
    >
      <div
        class="row"
      >
        <div
          class="blogPhotoContainer col-md-6 col-12"
        >
          <img
            alt="Blog Post Content"
            class="blogPic"
          />
          <br />
        </div>
        <div
          class="blogPhotoTextContent col-md-6 col-12"
        >
          <h4>
            blogPosts.undefined.title
          </h4>
          <p>
            blogPosts.undefined.excerpt
          </p>
        </div>
      </div>
    </div>
  </div>,
  "debug": [Function],
  "findAllByAltText": [Function],
  "findAllByDisplayValue": [Function],
  "findAllByLabelText": [Function],
  "findAllByPlaceholderText": [Function],
  "findAllByRole": [Function],
  "findAllByTestId": [Function],
  "findAllByText": [Function],
  "findAllByTitle": [Function],
  "findByAltText": [Function],
  "findByDisplayValue": [Function],
  "findByLabelText": [Function],
  "findByPlaceholderText": [Function],
  "findByRole": [Function],
  "findByTestId": [Function],
  "findByText": [Function],
  "findByTitle": [Function],
  "getAllByAltText": [Function],
  "getAllByDisplayValue": [Function],
  "getAllByLabelText": [Function],
  "getAllByPlaceholderText": [Function],
  "getAllByRole": [Function],
  "getAllByTestId": [Function],
  "getAllByText": [Function],
  "getAllByTitle": [Function],
  "getByAltText": [Function],
  "getByDisplayValue": [Function],
  "getByLabelText": [Function],
  "getByPlaceholderText": [Function],
  "getByRole": [Function],
  "getByTestId": [Function],
  "getByText": [Function],
  "getByTitle": [Function],
  "queryAllByAltText": [Function],
  "queryAllByDisplayValue": [Function],
  "queryAllByLabelText": [Function],
  "queryAllByPlaceholderText": [Function],
  "queryAllByRole": [Function],
  "queryAllByTestId": [Function],
  "queryAllByText": [Function],
  "queryAllByTitle": [Function],
  "queryByAltText": [Function],
  "queryByDisplayValue": [Function],
  "queryByLabelText": [Function],
  "queryByPlaceholderText": [Function],
  "queryByRole": [Function],
  "queryByTestId": [Function],
  "queryByText": [Function],
  "queryByTitle": [Function],
  "rerender": [Function],
  "unmount": [Function],
}
`;
