// Jest Snapshot v1, https://goo.gl/fbAQLP

exports[`psy. assesment snapshot 1`] = `
Object {
  "asFragment": [Function],
  "baseElement": <body>
    <div>
      <div
        class="container"
      >
        <h1
          class="assesmentTitle"
        >
          assessment.title
        </h1>
        <div
          class="assessContainer col"
        >
          <div
            class="assessExplanation"
          >
            <p>
              assessExplanation.0
            </p>
            <p>
              assessExplanation.1
            </p>
          </div>
          <div
            class="questionContainer row"
          >
            <div
              class="col-lg-12 col-md-12 col-12"
            >
              <h3
                class="questionTitle"
              >
                questions.0.title
              </h3>
            </div>
            <div
              class="questionAnswers col-lg-12 col-md-12 col-12"
            >
              <ul>
                <li
                  class="form-check"
                >
                  <input
                    class="form-check-input testChoice"
                    name="question0"
                    type="radio"
                    value="0"
                  />
                  <label
                    class="form-check-label"
                    for="exampleRadios1"
                  >
                    questions.0.multiple.0
                  </label>
                </li>
                <li
                  class="form-check"
                >
                  <input
                    class="form-check-input testChoice"
                    name="question0"
                    type="radio"
                    value="1"
                  />
                  <label
                    class="form-check-label"
                    for="exampleRadios1"
                  >
                    questions.0.multiple.1
                  </label>
                </li>
                <li
                  class="form-check"
                >
                  <input
                    class="form-check-input testChoice"
                    name="question0"
                    type="radio"
                    value="2"
                  />
                  <label
                    class="form-check-label"
                    for="exampleRadios1"
                  >
                    questions.0.multiple.2
                  </label>
                </li>
                <li
                  class="form-check"
                >
                  <input
                    class="form-check-input testChoice"
                    name="question0"
                    type="radio"
                    value="3"
                  />
                  <label
                    class="form-check-label"
                    for="exampleRadios1"
                  >
                    questions.0.multiple.3
                  </label>
                </li>
              </ul>
            </div>
          </div>
          <div
            class="questionContainer row"
          >
            <div
              class="col-lg-12 col-md-12 col-12"
            >
              <h3
                class="questionTitle"
              >
                questions.1.title
              </h3>
            </div>
            <div
              class="questionAnswers col-lg-12 col-md-12 col-12"
            >
              <ul>
                <li
                  class="form-check"
                >
                  <input
                    class="form-check-input testChoice"
                    name="question1"
                    type="radio"
                    value="0"
                  />
                  <label
                    class="form-check-label"
                    for="exampleRadios1"
                  >
                    questions.1.multiple.0
                  </label>
                </li>
                <li
                  class="form-check"
                >
                  <input
                    class="form-check-input testChoice"
                    name="question1"
                    type="radio"
                    value="1"
                  />
                  <label
                    class="form-check-label"
                    for="exampleRadios1"
                  >
                    questions.1.multiple.1
                  </label>
                </li>
                <li
                  class="form-check"
                >
                  <input
                    class="form-check-input testChoice"
                    name="question1"
                    type="radio"
                    value="2"
                  />
                  <label
                    class="form-check-label"
                    for="exampleRadios1"
                  >
                    questions.1.multiple.2
                  </label>
                </li>
                <li
                  class="form-check"
                >
                  <input
                    class="form-check-input testChoice"
                    name="question1"
                    type="radio"
                    value="3"
                  />
                  <label
                    class="form-check-label"
                    for="exampleRadios1"
                  >
                    questions.1.multiple.3
                  </label>
                </li>
              </ul>
            </div>
          </div>
          <div
            class="questionContainer row"
          >
            <div
              class="col-lg-12 col-md-12 col-12"
            >
              <h3
                class="questionTitle"
              >
                questions.2.title
              </h3>
            </div>
            <div
              class="questionAnswers col-lg-12 col-md-12 col-12"
            >
              <ul>
                <li
                  class="form-check"
                >
                  <input
                    class="form-check-input testChoice"
                    name="question2"
                    type="radio"
                    value="0"
                  />
                  <label
                    class="form-check-label"
                    for="exampleRadios1"
                  >
                    questions.2.multiple.0
                  </label>
                </li>
                <li
                  class="form-check"
                >
                  <input
                    class="form-check-input testChoice"
                    name="question2"
                    type="radio"
                    value="1"
                  />
                  <label
                    class="form-check-label"
                    for="exampleRadios1"
                  >
                    questions.2.multiple.1
                  </label>
                </li>
                <li
                  class="form-check"
                >
                  <input
                    class="form-check-input testChoice"
                    name="question2"
                    type="radio"
                    value="2"
                  />
                  <label
                    class="form-check-label"
                    for="exampleRadios1"
                  >
                    questions.2.multiple.2
                  </label>
                </li>
                <li
                  class="form-check"
                >
                  <input
                    class="form-check-input testChoice"
                    name="question2"
                    type="radio"
                    value="3"
                  />
                  <label
                    class="form-check-label"
                    for="exampleRadios1"
                  >
                    questions.2.multiple.3
                  </label>
                </li>
              </ul>
            </div>
          </div>
          <div
            class="questionContainer row"
          >
            <div
              class="col-lg-12 col-md-12 col-12"
            >
              <h3
                class="questionTitle"
              >
                questions.3.title
              </h3>
            </div>
            <div
              class="questionAnswers col-lg-12 col-md-12 col-12"
            >
              <ul>
                <li
                  class="form-check"
                >
                  <input
                    class="form-check-input testChoice"
                    name="question3"
                    type="radio"
                    value="0"
                  />
                  <label
                    class="form-check-label"
                    for="exampleRadios1"
                  >
                    questions.3.multiple.0
                  </label>
                </li>
                <li
                  class="form-check"
                >
                  <input
                    class="form-check-input testChoice"
                    name="question3"
                    type="radio"
                    value="1"
                  />
                  <label
                    class="form-check-label"
                    for="exampleRadios1"
                  >
                    questions.3.multiple.1
                  </label>
                </li>
                <li
                  class="form-check"
                >
                  <input
                    class="form-check-input testChoice"
                    name="question3"
                    type="radio"
                    value="2"
                  />
                  <label
                    class="form-check-label"
                    for="exampleRadios1"
                  >
                    questions.3.multiple.2
                  </label>
                </li>
                <li
                  class="form-check"
                >
                  <input
                    class="form-check-input testChoice"
                    name="question3"
                    type="radio"
                    value="3"
                  />
                  <label
                    class="form-check-label"
                    for="exampleRadios1"
                  >
                    questions.3.multiple.3
                  </label>
                </li>
              </ul>
            </div>
          </div>
          <div
            class="questionContainer row"
          >
            <div
              class="col-lg-12 col-md-12 col-12"
            >
              <h3
                class="questionTitle"
              >
                questions.4.title
              </h3>
            </div>
            <div
              class="questionAnswers col-lg-12 col-md-12 col-12"
            >
              <ul>
                <li
                  class="form-check"
                >
                  <input
                    class="form-check-input testChoice"
                    name="question4"
                    type="radio"
                    value="0"
                  />
                  <label
                    class="form-check-label"
                    for="exampleRadios1"
                  >
                    questions.4.multiple.0
                  </label>
                </li>
                <li
                  class="form-check"
                >
                  <input
                    class="form-check-input testChoice"
                    name="question4"
                    type="radio"
                    value="1"
                  />
                  <label
                    class="form-check-label"
                    for="exampleRadios1"
                  >
                    questions.4.multiple.1
                  </label>
                </li>
                <li
                  class="form-check"
                >
                  <input
                    class="form-check-input testChoice"
                    name="question4"
                    type="radio"
                    value="2"
                  />
                  <label
                    class="form-check-label"
                    for="exampleRadios1"
                  >
                    questions.4.multiple.2
                  </label>
                </li>
                <li
                  class="form-check"
                >
                  <input
                    class="form-check-input testChoice"
                    name="question4"
                    type="radio"
                    value="3"
                  />
                  <label
                    class="form-check-label"
                    for="exampleRadios1"
                  >
                    questions.4.multiple.3
                  </label>
                </li>
              </ul>
            </div>
          </div>
          <div
            class="questionContainer row"
          >
            <div
              class="col-lg-12 col-md-12 col-12"
            >
              <h3
                class="questionTitle"
              >
                questions.5.title
              </h3>
            </div>
            <div
              class="questionAnswers col-lg-12 col-md-12 col-12"
            >
              <ul>
                <li
                  class="form-check"
                >
                  <input
                    class="form-check-input testChoice"
                    name="question5"
                    type="radio"
                    value="0"
                  />
                  <label
                    class="form-check-label"
                    for="exampleRadios1"
                  >
                    questions.5.multiple.0
                  </label>
                </li>
                <li
                  class="form-check"
                >
                  <input
                    class="form-check-input testChoice"
                    name="question5"
                    type="radio"
                    value="1"
                  />
                  <label
                    class="form-check-label"
                    for="exampleRadios1"
                  >
                    questions.5.multiple.1
                  </label>
                </li>
                <li
                  class="form-check"
                >
                  <input
                    class="form-check-input testChoice"
                    name="question5"
                    type="radio"
                    value="2"
                  />
                  <label
                    class="form-check-label"
                    for="exampleRadios1"
                  >
                    questions.5.multiple.2
                  </label>
                </li>
                <li
                  class="form-check"
                >
                  <input
                    class="form-check-input testChoice"
                    name="question5"
                    type="radio"
                    value="3"
                  />
                  <label
                    class="form-check-label"
                    for="exampleRadios1"
                  >
                    questions.5.multiple.3
                  </label>
                </li>
              </ul>
            </div>
          </div>
          <div
            class="questionContainer row"
          >
            <div
              class="col-lg-12 col-md-12 col-12"
            >
              <h3
                class="questionTitle"
              >
                questions.6.title
              </h3>
            </div>
            <div
              class="questionAnswers col-lg-12 col-md-12 col-12"
            >
              <ul>
                <li
                  class="form-check"
                >
                  <input
                    class="form-check-input testChoice"
                    name="question6"
                    type="radio"
                    value="0"
                  />
                  <label
                    class="form-check-label"
                    for="exampleRadios1"
                  >
                    questions.6.multiple.0
                  </label>
                </li>
                <li
                  class="form-check"
                >
                  <input
                    class="form-check-input testChoice"
                    name="question6"
                    type="radio"
                    value="1"
                  />
                  <label
                    class="form-check-label"
                    for="exampleRadios1"
                  >
                    questions.6.multiple.1
                  </label>
                </li>
                <li
                  class="form-check"
                >
                  <input
                    class="form-check-input testChoice"
                    name="question6"
                    type="radio"
                    value="2"
                  />
                  <label
                    class="form-check-label"
                    for="exampleRadios1"
                  >
                    questions.6.multiple.2
                  </label>
                </li>
                <li
                  class="form-check"
                >
                  <input
                    class="form-check-input testChoice"
                    name="question6"
                    type="radio"
                    value="3"
                  />
                  <label
                    class="form-check-label"
                    for="exampleRadios1"
                  >
                    questions.6.multiple.3
                  </label>
                </li>
              </ul>
            </div>
          </div>
          <div
            class="questionContainer row"
          >
            <div
              class="col-lg-12 col-md-12 col-12"
            >
              <h3
                class="questionTitle"
              >
                questions.7.title
              </h3>
            </div>
            <div
              class="questionAnswers col-lg-12 col-md-12 col-12"
            >
              <ul>
                <li
                  class="form-check"
                >
                  <input
                    class="form-check-input testChoice"
                    name="question7"
                    type="radio"
                    value="0"
                  />
                  <label
                    class="form-check-label"
                    for="exampleRadios1"
                  >
                    questions.7.multiple.0
                  </label>
                </li>
                <li
                  class="form-check"
                >
                  <input
                    class="form-check-input testChoice"
                    name="question7"
                    type="radio"
                    value="1"
                  />
                  <label
                    class="form-check-label"
                    for="exampleRadios1"
                  >
                    questions.7.multiple.1
                  </label>
                </li>
                <li
                  class="form-check"
                >
                  <input
                    class="form-check-input testChoice"
                    name="question7"
                    type="radio"
                    value="2"
                  />
                  <label
                    class="form-check-label"
                    for="exampleRadios1"
                  >
                    questions.7.multiple.2
                  </label>
                </li>
                <li
                  class="form-check"
                >
                  <input
                    class="form-check-input testChoice"
                    name="question7"
                    type="radio"
                    value="3"
                  />
                  <label
                    class="form-check-label"
                    for="exampleRadios1"
                  >
                    questions.7.multiple.3
                  </label>
                </li>
              </ul>
            </div>
          </div>
          <div
            class="questionContainer row"
          >
            <div
              class="col-lg-12 col-md-12 col-12"
            >
              <h3
                class="questionTitle"
              >
                questions.8.title
              </h3>
            </div>
            <div
              class="questionAnswers col-lg-12 col-md-12 col-12"
            >
              <ul>
                <li
                  class="form-check"
                >
                  <input
                    class="form-check-input testChoice"
                    name="question8"
                    type="radio"
                    value="0"
                  />
                  <label
                    class="form-check-label"
                    for="exampleRadios1"
                  >
                    questions.8.multiple.0
                  </label>
                </li>
                <li
                  class="form-check"
                >
                  <input
                    class="form-check-input testChoice"
                    name="question8"
                    type="radio"
                    value="1"
                  />
                  <label
                    class="form-check-label"
                    for="exampleRadios1"
                  >
                    questions.8.multiple.1
                  </label>
                </li>
                <li
                  class="form-check"
                >
                  <input
                    class="form-check-input testChoice"
                    name="question8"
                    type="radio"
                    value="2"
                  />
                  <label
                    class="form-check-label"
                    for="exampleRadios1"
                  >
                    questions.8.multiple.2
                  </label>
                </li>
                <li
                  class="form-check"
                >
                  <input
                    class="form-check-input testChoice"
                    name="question8"
                    type="radio"
                    value="3"
                  />
                  <label
                    class="form-check-label"
                    for="exampleRadios1"
                  >
                    questions.8.multiple.3
                  </label>
                </li>
              </ul>
            </div>
          </div>
          <div
            class="questionContainer row"
          >
            <div
              class="col-lg-12 col-md-12 col-12"
            >
              <h3
                class="questionTitle"
              >
                questions.9.title
              </h3>
            </div>
            <div
              class="questionAnswers col-lg-12 col-md-12 col-12"
            >
              <ul>
                <li
                  class="form-check"
                >
                  <input
                    class="form-check-input testChoice"
                    name="question9"
                    type="radio"
                    value="0"
                  />
                  <label
                    class="form-check-label"
                    for="exampleRadios1"
                  >
                    questions.9.multiple.0
                  </label>
                </li>
                <li
                  class="form-check"
                >
                  <input
                    class="form-check-input testChoice"
                    name="question9"
                    type="radio"
                    value="1"
                  />
                  <label
                    class="form-check-label"
                    for="exampleRadios1"
                  >
                    questions.9.multiple.1
                  </label>
                </li>
                <li
                  class="form-check"
                >
                  <input
                    class="form-check-input testChoice"
                    name="question9"
                    type="radio"
                    value="2"
                  />
                  <label
                    class="form-check-label"
                    for="exampleRadios1"
                  >
                    questions.9.multiple.2
                  </label>
                </li>
                <li
                  class="form-check"
                >
                  <input
                    class="form-check-input testChoice"
                    name="question9"
                    type="radio"
                    value="3"
                  />
                  <label
                    class="form-check-label"
                    for="exampleRadios1"
                  >
                    questions.9.multiple.3
                  </label>
                </li>
              </ul>
            </div>
          </div>
          <div
            class="questionContainer row"
          >
            <div
              class="col-lg-12 col-md-12 col-12"
            >
              <h3
                class="questionTitle"
              >
                questions.10.title
              </h3>
            </div>
            <div
              class="questionAnswers col-lg-12 col-md-12 col-12"
            >
              <ul>
                <li
                  class="form-check"
                >
                  <input
                    class="form-check-input testChoice"
                    name="question10"
                    type="radio"
                    value="0"
                  />
                  <label
                    class="form-check-label"
                    for="exampleRadios1"
                  >
                    questions.10.multiple.0
                  </label>
                </li>
                <li
                  class="form-check"
                >
                  <input
                    class="form-check-input testChoice"
                    name="question10"
                    type="radio"
                    value="1"
                  />
                  <label
                    class="form-check-label"
                    for="exampleRadios1"
                  >
                    questions.10.multiple.1
                  </label>
                </li>
                <li
                  class="form-check"
                >
                  <input
                    class="form-check-input testChoice"
                    name="question10"
                    type="radio"
                    value="2"
                  />
                  <label
                    class="form-check-label"
                    for="exampleRadios1"
                  >
                    questions.10.multiple.2
                  </label>
                </li>
                <li
                  class="form-check"
                >
                  <input
                    class="form-check-input testChoice"
                    name="question10"
                    type="radio"
                    value="3"
                  />
                  <label
                    class="form-check-label"
                    for="exampleRadios1"
                  >
                    questions.10.multiple.3
                  </label>
                </li>
              </ul>
            </div>
          </div>
          <div
            class="questionContainer row"
          >
            <div
              class="col-lg-12 col-md-12 col-12"
            >
              <h3
                class="questionTitle"
              >
                questions.11.title
              </h3>
            </div>
            <div
              class="questionAnswers col-lg-12 col-md-12 col-12"
            >
              <ul>
                <li
                  class="form-check"
                >
                  <input
                    class="form-check-input testChoice"
                    name="question11"
                    type="radio"
                    value="0"
                  />
                  <label
                    class="form-check-label"
                    for="exampleRadios1"
                  >
                    questions.11.multiple.0
                  </label>
                </li>
                <li
                  class="form-check"
                >
                  <input
                    class="form-check-input testChoice"
                    name="question11"
                    type="radio"
                    value="1"
                  />
                  <label
                    class="form-check-label"
                    for="exampleRadios1"
                  >
                    questions.11.multiple.1
                  </label>
                </li>
                <li
                  class="form-check"
                >
                  <input
                    class="form-check-input testChoice"
                    name="question11"
                    type="radio"
                    value="2"
                  />
                  <label
                    class="form-check-label"
                    for="exampleRadios1"
                  >
                    questions.11.multiple.2
                  </label>
                </li>
                <li
                  class="form-check"
                >
                  <input
                    class="form-check-input testChoice"
                    name="question11"
                    type="radio"
                    value="3"
                  />
                  <label
                    class="form-check-label"
                    for="exampleRadios1"
                  >
                    questions.11.multiple.3
                  </label>
                </li>
              </ul>
            </div>
          </div>
          <div
            class="questionContainer row"
          >
            <div
              class="col-lg-12 col-md-12 col-12"
            >
              <h3
                class="questionTitle"
              >
                questions.12.title
              </h3>
            </div>
            <div
              class="questionAnswers col-lg-12 col-md-12 col-12"
            >
              <ul>
                <li
                  class="form-check"
                >
                  <input
                    class="form-check-input testChoice"
                    name="question12"
                    type="radio"
                    value="0"
                  />
                  <label
                    class="form-check-label"
                    for="exampleRadios1"
                  >
                    questions.12.multiple.0
                  </label>
                </li>
                <li
                  class="form-check"
                >
                  <input
                    class="form-check-input testChoice"
                    name="question12"
                    type="radio"
                    value="1"
                  />
                  <label
                    class="form-check-label"
                    for="exampleRadios1"
                  >
                    questions.12.multiple.1
                  </label>
                </li>
                <li
                  class="form-check"
                >
                  <input
                    class="form-check-input testChoice"
                    name="question12"
                    type="radio"
                    value="2"
                  />
                  <label
                    class="form-check-label"
                    for="exampleRadios1"
                  >
                    questions.12.multiple.2
                  </label>
                </li>
                <li
                  class="form-check"
                >
                  <input
                    class="form-check-input testChoice"
                    name="question12"
                    type="radio"
                    value="3"
                  />
                  <label
                    class="form-check-label"
                    for="exampleRadios1"
                  >
                    questions.12.multiple.3
                  </label>
                </li>
              </ul>
            </div>
          </div>
          <div
            class="testSubmitButtonRow row"
          >
            <button
              class="testSubmitButton btn btn-primary"
              type="button"
            >
              Submit
            </button>
          </div>
        </div>
      </div>
    </div>
  </body>,
  "container": <div>
    <div
      class="container"
    >
      <h1
        class="assesmentTitle"
      >
        assessment.title
      </h1>
      <div
        class="assessContainer col"
      >
        <div
          class="assessExplanation"
        >
          <p>
            assessExplanation.0
          </p>
          <p>
            assessExplanation.1
          </p>
        </div>
        <div
          class="questionContainer row"
        >
          <div
            class="col-lg-12 col-md-12 col-12"
          >
            <h3
              class="questionTitle"
            >
              questions.0.title
            </h3>
          </div>
          <div
            class="questionAnswers col-lg-12 col-md-12 col-12"
          >
            <ul>
              <li
                class="form-check"
              >
                <input
                  class="form-check-input testChoice"
                  name="question0"
                  type="radio"
                  value="0"
                />
                <label
                  class="form-check-label"
                  for="exampleRadios1"
                >
                  questions.0.multiple.0
                </label>
              </li>
              <li
                class="form-check"
              >
                <input
                  class="form-check-input testChoice"
                  name="question0"
                  type="radio"
                  value="1"
                />
                <label
                  class="form-check-label"
                  for="exampleRadios1"
                >
                  questions.0.multiple.1
                </label>
              </li>
              <li
                class="form-check"
              >
                <input
                  class="form-check-input testChoice"
                  name="question0"
                  type="radio"
                  value="2"
                />
                <label
                  class="form-check-label"
                  for="exampleRadios1"
                >
                  questions.0.multiple.2
                </label>
              </li>
              <li
                class="form-check"
              >
                <input
                  class="form-check-input testChoice"
                  name="question0"
                  type="radio"
                  value="3"
                />
                <label
                  class="form-check-label"
                  for="exampleRadios1"
                >
                  questions.0.multiple.3
                </label>
              </li>
            </ul>
          </div>
        </div>
        <div
          class="questionContainer row"
        >
          <div
            class="col-lg-12 col-md-12 col-12"
          >
            <h3
              class="questionTitle"
            >
              questions.1.title
            </h3>
          </div>
          <div
            class="questionAnswers col-lg-12 col-md-12 col-12"
          >
            <ul>
              <li
                class="form-check"
              >
                <input
                  class="form-check-input testChoice"
                  name="question1"
                  type="radio"
                  value="0"
                />
                <label
                  class="form-check-label"
                  for="exampleRadios1"
                >
                  questions.1.multiple.0
                </label>
              </li>
              <li
                class="form-check"
              >
                <input
                  class="form-check-input testChoice"
                  name="question1"
                  type="radio"
                  value="1"
                />
                <label
                  class="form-check-label"
                  for="exampleRadios1"
                >
                  questions.1.multiple.1
                </label>
              </li>
              <li
                class="form-check"
              >
                <input
                  class="form-check-input testChoice"
                  name="question1"
                  type="radio"
                  value="2"
                />
                <label
                  class="form-check-label"
                  for="exampleRadios1"
                >
                  questions.1.multiple.2
                </label>
              </li>
              <li
                class="form-check"
              >
                <input
                  class="form-check-input testChoice"
                  name="question1"
                  type="radio"
                  value="3"
                />
                <label
                  class="form-check-label"
                  for="exampleRadios1"
                >
                  questions.1.multiple.3
                </label>
              </li>
            </ul>
          </div>
        </div>
        <div
          class="questionContainer row"
        >
          <div
            class="col-lg-12 col-md-12 col-12"
          >
            <h3
              class="questionTitle"
            >
              questions.2.title
            </h3>
          </div>
          <div
            class="questionAnswers col-lg-12 col-md-12 col-12"
          >
            <ul>
              <li
                class="form-check"
              >
                <input
                  class="form-check-input testChoice"
                  name="question2"
                  type="radio"
                  value="0"
                />
                <label
                  class="form-check-label"
                  for="exampleRadios1"
                >
                  questions.2.multiple.0
                </label>
              </li>
              <li
                class="form-check"
              >
                <input
                  class="form-check-input testChoice"
                  name="question2"
                  type="radio"
                  value="1"
                />
                <label
                  class="form-check-label"
                  for="exampleRadios1"
                >
                  questions.2.multiple.1
                </label>
              </li>
              <li
                class="form-check"
              >
                <input
                  class="form-check-input testChoice"
                  name="question2"
                  type="radio"
                  value="2"
                />
                <label
                  class="form-check-label"
                  for="exampleRadios1"
                >
                  questions.2.multiple.2
                </label>
              </li>
              <li
                class="form-check"
              >
                <input
                  class="form-check-input testChoice"
                  name="question2"
                  type="radio"
                  value="3"
                />
                <label
                  class="form-check-label"
                  for="exampleRadios1"
                >
                  questions.2.multiple.3
                </label>
              </li>
            </ul>
          </div>
        </div>
        <div
          class="questionContainer row"
        >
          <div
            class="col-lg-12 col-md-12 col-12"
          >
            <h3
              class="questionTitle"
            >
              questions.3.title
            </h3>
          </div>
          <div
            class="questionAnswers col-lg-12 col-md-12 col-12"
          >
            <ul>
              <li
                class="form-check"
              >
                <input
                  class="form-check-input testChoice"
                  name="question3"
                  type="radio"
                  value="0"
                />
                <label
                  class="form-check-label"
                  for="exampleRadios1"
                >
                  questions.3.multiple.0
                </label>
              </li>
              <li
                class="form-check"
              >
                <input
                  class="form-check-input testChoice"
                  name="question3"
                  type="radio"
                  value="1"
                />
                <label
                  class="form-check-label"
                  for="exampleRadios1"
                >
                  questions.3.multiple.1
                </label>
              </li>
              <li
                class="form-check"
              >
                <input
                  class="form-check-input testChoice"
                  name="question3"
                  type="radio"
                  value="2"
                />
                <label
                  class="form-check-label"
                  for="exampleRadios1"
                >
                  questions.3.multiple.2
                </label>
              </li>
              <li
                class="form-check"
              >
                <input
                  class="form-check-input testChoice"
                  name="question3"
                  type="radio"
                  value="3"
                />
                <label
                  class="form-check-label"
                  for="exampleRadios1"
                >
                  questions.3.multiple.3
                </label>
              </li>
            </ul>
          </div>
        </div>
        <div
          class="questionContainer row"
        >
          <div
            class="col-lg-12 col-md-12 col-12"
          >
            <h3
              class="questionTitle"
            >
              questions.4.title
            </h3>
          </div>
          <div
            class="questionAnswers col-lg-12 col-md-12 col-12"
          >
            <ul>
              <li
                class="form-check"
              >
                <input
                  class="form-check-input testChoice"
                  name="question4"
                  type="radio"
                  value="0"
                />
                <label
                  class="form-check-label"
                  for="exampleRadios1"
                >
                  questions.4.multiple.0
                </label>
              </li>
              <li
                class="form-check"
              >
                <input
                  class="form-check-input testChoice"
                  name="question4"
                  type="radio"
                  value="1"
                />
                <label
                  class="form-check-label"
                  for="exampleRadios1"
                >
                  questions.4.multiple.1
                </label>
              </li>
              <li
                class="form-check"
              >
                <input
                  class="form-check-input testChoice"
                  name="question4"
                  type="radio"
                  value="2"
                />
                <label
                  class="form-check-label"
                  for="exampleRadios1"
                >
                  questions.4.multiple.2
                </label>
              </li>
              <li
                class="form-check"
              >
                <input
                  class="form-check-input testChoice"
                  name="question4"
                  type="radio"
                  value="3"
                />
                <label
                  class="form-check-label"
                  for="exampleRadios1"
                >
                  questions.4.multiple.3
                </label>
              </li>
            </ul>
          </div>
        </div>
        <div
          class="questionContainer row"
        >
          <div
            class="col-lg-12 col-md-12 col-12"
          >
            <h3
              class="questionTitle"
            >
              questions.5.title
            </h3>
          </div>
          <div
            class="questionAnswers col-lg-12 col-md-12 col-12"
          >
            <ul>
              <li
                class="form-check"
              >
                <input
                  class="form-check-input testChoice"
                  name="question5"
                  type="radio"
                  value="0"
                />
                <label
                  class="form-check-label"
                  for="exampleRadios1"
                >
                  questions.5.multiple.0
                </label>
              </li>
              <li
                class="form-check"
              >
                <input
                  class="form-check-input testChoice"
                  name="question5"
                  type="radio"
                  value="1"
                />
                <label
                  class="form-check-label"
                  for="exampleRadios1"
                >
                  questions.5.multiple.1
                </label>
              </li>
              <li
                class="form-check"
              >
                <input
                  class="form-check-input testChoice"
                  name="question5"
                  type="radio"
                  value="2"
                />
                <label
                  class="form-check-label"
                  for="exampleRadios1"
                >
                  questions.5.multiple.2
                </label>
              </li>
              <li
                class="form-check"
              >
                <input
                  class="form-check-input testChoice"
                  name="question5"
                  type="radio"
                  value="3"
                />
                <label
                  class="form-check-label"
                  for="exampleRadios1"
                >
                  questions.5.multiple.3
                </label>
              </li>
            </ul>
          </div>
        </div>
        <div
          class="questionContainer row"
        >
          <div
            class="col-lg-12 col-md-12 col-12"
          >
            <h3
              class="questionTitle"
            >
              questions.6.title
            </h3>
          </div>
          <div
            class="questionAnswers col-lg-12 col-md-12 col-12"
          >
            <ul>
              <li
                class="form-check"
              >
                <input
                  class="form-check-input testChoice"
                  name="question6"
                  type="radio"
                  value="0"
                />
                <label
                  class="form-check-label"
                  for="exampleRadios1"
                >
                  questions.6.multiple.0
                </label>
              </li>
              <li
                class="form-check"
              >
                <input
                  class="form-check-input testChoice"
                  name="question6"
                  type="radio"
                  value="1"
                />
                <label
                  class="form-check-label"
                  for="exampleRadios1"
                >
                  questions.6.multiple.1
                </label>
              </li>
              <li
                class="form-check"
              >
                <input
                  class="form-check-input testChoice"
                  name="question6"
                  type="radio"
                  value="2"
                />
                <label
                  class="form-check-label"
                  for="exampleRadios1"
                >
                  questions.6.multiple.2
                </label>
              </li>
              <li
                class="form-check"
              >
                <input
                  class="form-check-input testChoice"
                  name="question6"
                  type="radio"
                  value="3"
                />
                <label
                  class="form-check-label"
                  for="exampleRadios1"
                >
                  questions.6.multiple.3
                </label>
              </li>
            </ul>
          </div>
        </div>
        <div
          class="questionContainer row"
        >
          <div
            class="col-lg-12 col-md-12 col-12"
          >
            <h3
              class="questionTitle"
            >
              questions.7.title
            </h3>
          </div>
          <div
            class="questionAnswers col-lg-12 col-md-12 col-12"
          >
            <ul>
              <li
                class="form-check"
              >
                <input
                  class="form-check-input testChoice"
                  name="question7"
                  type="radio"
                  value="0"
                />
                <label
                  class="form-check-label"
                  for="exampleRadios1"
                >
                  questions.7.multiple.0
                </label>
              </li>
              <li
                class="form-check"
              >
                <input
                  class="form-check-input testChoice"
                  name="question7"
                  type="radio"
                  value="1"
                />
                <label
                  class="form-check-label"
                  for="exampleRadios1"
                >
                  questions.7.multiple.1
                </label>
              </li>
              <li
                class="form-check"
              >
                <input
                  class="form-check-input testChoice"
                  name="question7"
                  type="radio"
                  value="2"
                />
                <label
                  class="form-check-label"
                  for="exampleRadios1"
                >
                  questions.7.multiple.2
                </label>
              </li>
              <li
                class="form-check"
              >
                <input
                  class="form-check-input testChoice"
                  name="question7"
                  type="radio"
                  value="3"
                />
                <label
                  class="form-check-label"
                  for="exampleRadios1"
                >
                  questions.7.multiple.3
                </label>
              </li>
            </ul>
          </div>
        </div>
        <div
          class="questionContainer row"
        >
          <div
            class="col-lg-12 col-md-12 col-12"
          >
            <h3
              class="questionTitle"
            >
              questions.8.title
            </h3>
          </div>
          <div
            class="questionAnswers col-lg-12 col-md-12 col-12"
          >
            <ul>
              <li
                class="form-check"
              >
                <input
                  class="form-check-input testChoice"
                  name="question8"
                  type="radio"
                  value="0"
                />
                <label
                  class="form-check-label"
                  for="exampleRadios1"
                >
                  questions.8.multiple.0
                </label>
              </li>
              <li
                class="form-check"
              >
                <input
                  class="form-check-input testChoice"
                  name="question8"
                  type="radio"
                  value="1"
                />
                <label
                  class="form-check-label"
                  for="exampleRadios1"
                >
                  questions.8.multiple.1
                </label>
              </li>
              <li
                class="form-check"
              >
                <input
                  class="form-check-input testChoice"
                  name="question8"
                  type="radio"
                  value="2"
                />
                <label
                  class="form-check-label"
                  for="exampleRadios1"
                >
                  questions.8.multiple.2
                </label>
              </li>
              <li
                class="form-check"
              >
                <input
                  class="form-check-input testChoice"
                  name="question8"
                  type="radio"
                  value="3"
                />
                <label
                  class="form-check-label"
                  for="exampleRadios1"
                >
                  questions.8.multiple.3
                </label>
              </li>
            </ul>
          </div>
        </div>
        <div
          class="questionContainer row"
        >
          <div
            class="col-lg-12 col-md-12 col-12"
          >
            <h3
              class="questionTitle"
            >
              questions.9.title
            </h3>
          </div>
          <div
            class="questionAnswers col-lg-12 col-md-12 col-12"
          >
            <ul>
              <li
                class="form-check"
              >
                <input
                  class="form-check-input testChoice"
                  name="question9"
                  type="radio"
                  value="0"
                />
                <label
                  class="form-check-label"
                  for="exampleRadios1"
                >
                  questions.9.multiple.0
                </label>
              </li>
              <li
                class="form-check"
              >
                <input
                  class="form-check-input testChoice"
                  name="question9"
                  type="radio"
                  value="1"
                />
                <label
                  class="form-check-label"
                  for="exampleRadios1"
                >
                  questions.9.multiple.1
                </label>
              </li>
              <li
                class="form-check"
              >
                <input
                  class="form-check-input testChoice"
                  name="question9"
                  type="radio"
                  value="2"
                />
                <label
                  class="form-check-label"
                  for="exampleRadios1"
                >
                  questions.9.multiple.2
                </label>
              </li>
              <li
                class="form-check"
              >
                <input
                  class="form-check-input testChoice"
                  name="question9"
                  type="radio"
                  value="3"
                />
                <label
                  class="form-check-label"
                  for="exampleRadios1"
                >
                  questions.9.multiple.3
                </label>
              </li>
            </ul>
          </div>
        </div>
        <div
          class="questionContainer row"
        >
          <div
            class="col-lg-12 col-md-12 col-12"
          >
            <h3
              class="questionTitle"
            >
              questions.10.title
            </h3>
          </div>
          <div
            class="questionAnswers col-lg-12 col-md-12 col-12"
          >
            <ul>
              <li
                class="form-check"
              >
                <input
                  class="form-check-input testChoice"
                  name="question10"
                  type="radio"
                  value="0"
                />
                <label
                  class="form-check-label"
                  for="exampleRadios1"
                >
                  questions.10.multiple.0
                </label>
              </li>
              <li
                class="form-check"
              >
                <input
                  class="form-check-input testChoice"
                  name="question10"
                  type="radio"
                  value="1"
                />
                <label
                  class="form-check-label"
                  for="exampleRadios1"
                >
                  questions.10.multiple.1
                </label>
              </li>
              <li
                class="form-check"
              >
                <input
                  class="form-check-input testChoice"
                  name="question10"
                  type="radio"
                  value="2"
                />
                <label
                  class="form-check-label"
                  for="exampleRadios1"
                >
                  questions.10.multiple.2
                </label>
              </li>
              <li
                class="form-check"
              >
                <input
                  class="form-check-input testChoice"
                  name="question10"
                  type="radio"
                  value="3"
                />
                <label
                  class="form-check-label"
                  for="exampleRadios1"
                >
                  questions.10.multiple.3
                </label>
              </li>
            </ul>
          </div>
        </div>
        <div
          class="questionContainer row"
        >
          <div
            class="col-lg-12 col-md-12 col-12"
          >
            <h3
              class="questionTitle"
            >
              questions.11.title
            </h3>
          </div>
          <div
            class="questionAnswers col-lg-12 col-md-12 col-12"
          >
            <ul>
              <li
                class="form-check"
              >
                <input
                  class="form-check-input testChoice"
                  name="question11"
                  type="radio"
                  value="0"
                />
                <label
                  class="form-check-label"
                  for="exampleRadios1"
                >
                  questions.11.multiple.0
                </label>
              </li>
              <li
                class="form-check"
              >
                <input
                  class="form-check-input testChoice"
                  name="question11"
                  type="radio"
                  value="1"
                />
                <label
                  class="form-check-label"
                  for="exampleRadios1"
                >
                  questions.11.multiple.1
                </label>
              </li>
              <li
                class="form-check"
              >
                <input
                  class="form-check-input testChoice"
                  name="question11"
                  type="radio"
                  value="2"
                />
                <label
                  class="form-check-label"
                  for="exampleRadios1"
                >
                  questions.11.multiple.2
                </label>
              </li>
              <li
                class="form-check"
              >
                <input
                  class="form-check-input testChoice"
                  name="question11"
                  type="radio"
                  value="3"
                />
                <label
                  class="form-check-label"
                  for="exampleRadios1"
                >
                  questions.11.multiple.3
                </label>
              </li>
            </ul>
          </div>
        </div>
        <div
          class="questionContainer row"
        >
          <div
            class="col-lg-12 col-md-12 col-12"
          >
            <h3
              class="questionTitle"
            >
              questions.12.title
            </h3>
          </div>
          <div
            class="questionAnswers col-lg-12 col-md-12 col-12"
          >
            <ul>
              <li
                class="form-check"
              >
                <input
                  class="form-check-input testChoice"
                  name="question12"
                  type="radio"
                  value="0"
                />
                <label
                  class="form-check-label"
                  for="exampleRadios1"
                >
                  questions.12.multiple.0
                </label>
              </li>
              <li
                class="form-check"
              >
                <input
                  class="form-check-input testChoice"
                  name="question12"
                  type="radio"
                  value="1"
                />
                <label
                  class="form-check-label"
                  for="exampleRadios1"
                >
                  questions.12.multiple.1
                </label>
              </li>
              <li
                class="form-check"
              >
                <input
                  class="form-check-input testChoice"
                  name="question12"
                  type="radio"
                  value="2"
                />
                <label
                  class="form-check-label"
                  for="exampleRadios1"
                >
                  questions.12.multiple.2
                </label>
              </li>
              <li
                class="form-check"
              >
                <input
                  class="form-check-input testChoice"
                  name="question12"
                  type="radio"
                  value="3"
                />
                <label
                  class="form-check-label"
                  for="exampleRadios1"
                >
                  questions.12.multiple.3
                </label>
              </li>
            </ul>
          </div>
        </div>
        <div
          class="testSubmitButtonRow row"
        >
          <button
            class="testSubmitButton btn btn-primary"
            type="button"
          >
            Submit
          </button>
        </div>
      </div>
    </div>
  </div>,
  "debug": [Function],
  "findAllByAltText": [Function],
  "findAllByDisplayValue": [Function],
  "findAllByLabelText": [Function],
  "findAllByPlaceholderText": [Function],
  "findAllByRole": [Function],
  "findAllByTestId": [Function],
  "findAllByText": [Function],
  "findAllByTitle": [Function],
  "findByAltText": [Function],
  "findByDisplayValue": [Function],
  "findByLabelText": [Function],
  "findByPlaceholderText": [Function],
  "findByRole": [Function],
  "findByTestId": [Function],
  "findByText": [Function],
  "findByTitle": [Function],
  "getAllByAltText": [Function],
  "getAllByDisplayValue": [Function],
  "getAllByLabelText": [Function],
  "getAllByPlaceholderText": [Function],
  "getAllByRole": [Function],
  "getAllByTestId": [Function],
  "getAllByText": [Function],
  "getAllByTitle": [Function],
  "getByAltText": [Function],
  "getByDisplayValue": [Function],
  "getByLabelText": [Function],
  "getByPlaceholderText": [Function],
  "getByRole": [Function],
  "getByTestId": [Function],
  "getByText": [Function],
  "getByTitle": [Function],
  "queryAllByAltText": [Function],
  "queryAllByDisplayValue": [Function],
  "queryAllByLabelText": [Function],
  "queryAllByPlaceholderText": [Function],
  "queryAllByRole": [Function],
  "queryAllByTestId": [Function],
  "queryAllByText": [Function],
  "queryAllByTitle": [Function],
  "queryByAltText": [Function],
  "queryByDisplayValue": [Function],
  "queryByLabelText": [Function],
  "queryByPlaceholderText": [Function],
  "queryByRole": [Function],
  "queryByTestId": [Function],
  "queryByText": [Function],
  "queryByTitle": [Function],
  "rerender": [Function],
  "unmount": [Function],
}
`;
